[wudroz-b34262.ingress-erytho.ewp.live/index.html]
[backblue.gif]
[fade.gif]
[index.html]
[wudroz-b34262.ingress-erytho.ewp.live/wp-content/astra-local-fonts/lato/S6uyw4BMUTPHjx4wXg.woff2]
[wudroz-b34262.ingress-erytho.ewp.live/wp-content/astra-local-fonts/montserrat/JTUHjIg1_i6t8kCHKm4532VJOt5-QNFgpCuM73w5aXo.woff2]
[wudroz-b34262.ingress-erytho.ewp.live/wp-content/themes/astra/assets/css/minified/frontend.min3fd0.css]
[wudroz-b34262.ingress-erytho.ewp.live/feed/index.html]
[wudroz-b34262.ingress-erytho.ewp.live/comments/feed/index.html]
[wudroz-b34262.ingress-erytho.ewp.live/wp-content/themes/astra/assets/fonts/astra.woff]
[wudroz-b34262.ingress-erytho.ewp.live/wp-content/astra-local-fonts/astra-local-fonts3fd0.css]
[wudroz-b34262.ingress-erytho.ewp.live/wp-content/themes/astra/assets/css/minified/menu-animation.min3fd0.css]
[wudroz-b34262.ingress-erytho.ewp.live/wp-includes/css/dist/block-library/style.minf049.css]
[wudroz-b34262.ingress-erytho.ewp.live/wp-content/plugins/woocommerce/packages/woocommerce-blocks/build/wc-blocks-vendors-style7ef2.css]
[wudroz-b34262.ingress-erytho.ewp.live/wp-content/plugins/woocommerce/packages/woocommerce-blocks/build/wc-blocks-style7ef2.css]
[wudroz-b34262.ingress-erytho.ewp.live/wp-content/plugins/wpforms-lite/assets/css/wpforms-base.mine945.css]
[wudroz-b34262.ingress-erytho.ewp.live/wp-content/themes/astra/assets/css/minified/compatibility/woocommerce/woocommerce-layout.min3fd0.css]
[wudroz-b34262.ingress-erytho.ewp.live/wp-content/themes/astra/assets/css/minified/compatibility/woocommerce/woocommerce-smallscreen.min3fd0.css]
[wudroz-b34262.ingress-erytho.ewp.live/wp-content/themes/astra/assets/css/minified/compatibility/woocommerce/woocommerce.min3fd0.css]
[wudroz-b34262.ingress-erytho.ewp.live/wp-content/plugins/elementor/assets/lib/eicons/css/elementor-icons.min7816.css]
[wudroz-b34262.ingress-erytho.ewp.live/wp-content/plugins/elementor/assets/css/frontend-lite.min1ed5.css]
[wudroz-b34262.ingress-erytho.ewp.live/wp-content/uploads/elementor/css/post-24888964f.css]
[wudroz-b34262.ingress-erytho.ewp.live/wp-content/plugins/elementor/assets/lib/font-awesome/css/all.min1ed5.css]
[wudroz-b34262.ingress-erytho.ewp.live/wp-content/plugins/elementor/assets/lib/font-awesome/css/v4-shims.min1ed5.css]
[wudroz-b34262.ingress-erytho.ewp.live/wp-content/uploads/elementor/css/post-25066784e.css]
[wudroz-b34262.ingress-erytho.ewp.live/wp-content/plugins/elementor/assets/lib/font-awesome/css/fontawesome.min52d5.css]
[wudroz-b34262.ingress-erytho.ewp.live/wp-content/plugins/elementor/assets/lib/font-awesome/css/regular.min52d5.css]
[wudroz-b34262.ingress-erytho.ewp.live/wp-content/plugins/elementor/assets/lib/font-awesome/css/solid.min52d5.css]
[wudroz-b34262.ingress-erytho.ewp.live/wp-includes/js/jquery/jquery.minaf6c.js]
[wudroz-b34262.ingress-erytho.ewp.live/wp-includes/js/jquery/jquery-migrate.mind617.js]
[wudroz-b34262.ingress-erytho.ewp.live/wp-content/plugins/elementor/assets/lib/font-awesome/js/v4-shims.min1ed5.js]
[wudroz-b34262.ingress-erytho.ewp.live/wp-json/wp/v2/pages/25066.json]
[wudroz-b34262.ingress-erytho.ewp.live/wp-json/index.html]
[wudroz-b34262.ingress-erytho.ewp.live/xmlrpc0db0.php]
[wudroz-b34262.ingress-erytho.ewp.live/wp-includes/wlwmanifest.xml]
[wudroz-b34262.ingress-erytho.ewp.live/wp-json/oembed/1.0/embed7e9b.json]
[wudroz-b34262.ingress-erytho.ewp.live/wp-json/oembed/1.0/embed9695]
[wudroz-b34262.ingress-erytho.ewp.live/wp-content/uploads/2022/06/Logo_Beta-removebg-preview-1-150x82.webp]
[wudroz-b34262.ingress-erytho.ewp.live/wp-content/uploads/2022/06/Logo_Beta-removebg-preview-1.webp]
[wudroz-b34262.ingress-erytho.ewp.live/wp-content/uploads/2022/06/logo-120x51.webp]
[wudroz-b34262.ingress-erytho.ewp.live/wp-content/plugins/elementor/assets/css/widget-icon-box.min.css]
[wudroz-b34262.ingress-erytho.ewp.live/about/index.html]
[wudroz-b34262.ingress-erytho.ewp.live/all-courses/index.html]
[wudroz-b34262.ingress-erytho.ewp.live/contact/index.html]
[wudroz-b34262.ingress-erytho.ewp.live/wp-content/uploads/2022/06/Pharmacist.webp]
[wudroz-b34262.ingress-erytho.ewp.live/wp-content/uploads/2022/06/ab85bd_486a6dd00b69465bac6aa736bb90d5b7_mv2.webp]
[wudroz-b34262.ingress-erytho.ewp.live/_https_/player.vimeo.com/video/241132035.257e4c.delayed]
[wudroz-b34262.ingress-erytho.ewp.live/wp-content/plugins/elementor/assets/lib/animations/animations.min1ed5.css]
[wudroz-b34262.ingress-erytho.ewp.live/wp-content/themes/astra/assets/js/minified/frontend.min3fd0.js]
[wudroz-b34262.ingress-erytho.ewp.live/wp-content/plugins/woocommerce/assets/js/jquery-blockui/jquery.blockUI.min437d.js]
[wudroz-b34262.ingress-erytho.ewp.live/wp-content/plugins/woocommerce/assets/js/frontend/add-to-cart.min31dc.js]
[wudroz-b34262.ingress-erytho.ewp.live/wp-content/plugins/woocommerce/assets/js/js-cookie/js.cookie.min2aac.js]
[wudroz-b34262.ingress-erytho.ewp.live/wp-content/plugins/woocommerce/assets/js/frontend/woocommerce.min31dc.js]
[wudroz-b34262.ingress-erytho.ewp.live/wp-content/plugins/woocommerce/assets/js/frontend/cart-fragments.min31dc.js]
[wudroz-b34262.ingress-erytho.ewp.live/wp-content/plugins/elementor/assets/js/webpack.runtime.min1ed5.js]
[wudroz-b34262.ingress-erytho.ewp.live/wp-content/plugins/elementor/assets/js/frontend-modules.min1ed5.js]
[wudroz-b34262.ingress-erytho.ewp.live/wp-content/plugins/elementor/assets/lib/waypoints/waypoints.min05da.js]
[wudroz-b34262.ingress-erytho.ewp.live/wp-includes/js/jquery/ui/core.min0028.js]
[wudroz-b34262.ingress-erytho.ewp.live/wp-content/plugins/elementor/assets/js/frontend.min1ed5.js]
[wudroz-b34262.ingress-erytho.ewp.live/wp-includes/js/underscore.minb37e.js]
[wudroz-b34262.ingress-erytho.ewp.live/wp-includes/js/wp-util.minf049.js]
[wudroz-b34262.ingress-erytho.ewp.live/wp-content/plugins/wpforms-lite/assets/js/integrations/elementor/frontend.mine945.js]
[wudroz-b34262.ingress-erytho.ewp.live/index.html]
[wudroz-b34262.ingress-erytho.ewp.live/wp-content/plugins/presto-player/dist/index.html]
[wudroz-b34262.ingress-erytho.ewp.live/wp-content/themes/astra/assets/css/minified/frontend.min3fd0.css]
[wudroz-b34262.ingress-erytho.ewp.live/wp-content/astra-local-fonts/lato/S6uyw4BMUTPHjxAwXjeu.woff2]
[wudroz-b34262.ingress-erytho.ewp.live/wp-content/astra-local-fonts/montserrat/JTUHjIg1_i6t8kCHKm4532VJOt5-QNFgpCuM73w0aXpsog.woff2]
[wudroz-b34262.ingress-erytho.ewp.live/wp-content/astra-local-fonts/montserrat/JTUHjIg1_i6t8kCHKm4532VJOt5-QNFgpCuM73w9aXpsog.woff2]
[wudroz-b34262.ingress-erytho.ewp.live/wp-content/astra-local-fonts/montserrat/JTUHjIg1_i6t8kCHKm4532VJOt5-QNFgpCuM73w2aXpsog.woff2]
[wudroz-b34262.ingress-erytho.ewp.live/wp-content/astra-local-fonts/montserrat/JTUHjIg1_i6t8kCHKm4532VJOt5-QNFgpCuM73w3aXpsog.woff2]
[wudroz-b34262.ingress-erytho.ewp.live/wp-content/astra-local-fonts/astra-local-fonts3fd0.css]
[wudroz-b34262.ingress-erytho.ewp.live/wp-content/themes/astra/assets/css/minified/menu-animation.min3fd0.css]
[wudroz-b34262.ingress-erytho.ewp.live/wp-includes/css/dist/block-library/style.minf049.css]
[wudroz-b34262.ingress-erytho.ewp.live/wp-content/plugins/woocommerce/packages/woocommerce-blocks/build/wc-blocks-vendors-style7ef2.css]
[wudroz-b34262.ingress-erytho.ewp.live/wp-content/plugins/woocommerce/packages/woocommerce-blocks/build/wc-blocks-style7ef2.css]
[wudroz-b34262.ingress-erytho.ewp.live/wp-content/plugins/wpforms-lite/assets/images/times-solid-white.svg]
[wudroz-b34262.ingress-erytho.ewp.live/wp-content/plugins/wpforms-lite/assets/css/wpforms-base.mine945.css]
[wudroz-b34262.ingress-erytho.ewp.live/wp-content/themes/astra/assets/css/minified/compatibility/woocommerce/woocommerce-layout.min3fd0.css]
[wudroz-b34262.ingress-erytho.ewp.live/wp-content/themes/astra/assets/css/minified/compatibility/woocommerce/woocommerce-smallscreen.min3fd0.css]
[wudroz-b34262.ingress-erytho.ewp.live/wp-content/plugins/woocommerce/assets/fonts/star.eot]
[wudroz-b34262.ingress-erytho.ewp.live/wp-content/plugins/woocommerce/assets/fonts/stard41d.eot]
[wudroz-b34262.ingress-erytho.ewp.live/wp-content/plugins/woocommerce/assets/fonts/star.woff]
[wudroz-b34262.ingress-erytho.ewp.live/wp-content/plugins/woocommerce/assets/fonts/star.ttf]
[wudroz-b34262.ingress-erytho.ewp.live/wp-content/plugins/woocommerce/assets/fonts/star.svg]
[wudroz-b34262.ingress-erytho.ewp.live/wp-content/plugins/woocommerce/assets/fonts/WooCommerce.eot]
[wudroz-b34262.ingress-erytho.ewp.live/wp-content/plugins/woocommerce/assets/fonts/WooCommerced41d.eot]
[wudroz-b34262.ingress-erytho.ewp.live/wp-content/plugins/woocommerce/assets/fonts/WooCommerce.woff]
[wudroz-b34262.ingress-erytho.ewp.live/wp-content/plugins/woocommerce/assets/fonts/WooCommerce.ttf]
[wudroz-b34262.ingress-erytho.ewp.live/wp-content/plugins/woocommerce/assets/fonts/WooCommerce.svg]
[wudroz-b34262.ingress-erytho.ewp.live/wp-content/plugins/woocommerce/assets/css/photoswipe/default-skin/default-skin.png]
[wudroz-b34262.ingress-erytho.ewp.live/wp-content/plugins/woocommerce/assets/images/icons/credit-cards/visa.svg]
[wudroz-b34262.ingress-erytho.ewp.live/wp-content/plugins/woocommerce/assets/images/icons/credit-cards/mastercard.svg]
[wudroz-b34262.ingress-erytho.ewp.live/wp-content/plugins/woocommerce/assets/images/icons/credit-cards/laser.svg]
[wudroz-b34262.ingress-erytho.ewp.live/wp-content/plugins/woocommerce/assets/images/icons/credit-cards/diners.svg]
[wudroz-b34262.ingress-erytho.ewp.live/wp-content/plugins/woocommerce/assets/images/icons/credit-cards/maestro.svg]
[wudroz-b34262.ingress-erytho.ewp.live/wp-content/plugins/woocommerce/assets/images/icons/credit-cards/jcb.svg]
[wudroz-b34262.ingress-erytho.ewp.live/wp-content/plugins/woocommerce/assets/images/icons/credit-cards/amex.svg]
[wudroz-b34262.ingress-erytho.ewp.live/wp-content/themes/astra/assets/css/minified/compatibility/woocommerce/woocommerce.min3fd0.css]
[wudroz-b34262.ingress-erytho.ewp.live/wp-content/plugins/woocommerce/assets/images/icons/credit-cards/discover.svg]
[wudroz-b34262.ingress-erytho.ewp.live/wp-content/plugins/elementor/assets/lib/eicons/fonts/eicons5519.eot]
[wudroz-b34262.ingress-erytho.ewp.live/wp-content/plugins/elementor/assets/lib/eicons/fonts/eicons5519.woff2]
[wudroz-b34262.ingress-erytho.ewp.live/wp-content/plugins/elementor/assets/lib/eicons/fonts/eicons5519.woff]
[wudroz-b34262.ingress-erytho.ewp.live/wp-content/plugins/elementor/assets/lib/eicons/fonts/eicons5519.ttf]
[wudroz-b34262.ingress-erytho.ewp.live/wp-content/plugins/elementor/assets/lib/eicons/css/elementor-icons.min7816.css]
[wudroz-b34262.ingress-erytho.ewp.live/wp-content/plugins/elementor/assets/css/frontend-lite.min1ed5.css]
[wudroz-b34262.ingress-erytho.ewp.live/wp-content/uploads/elementor/css/post-24888964f.css]
[wudroz-b34262.ingress-erytho.ewp.live/wp-content/plugins/elementor/assets/lib/eicons/fonts/eicons5519.svg]
[wudroz-b34262.ingress-erytho.ewp.live/wp-content/plugins/elementor/assets/lib/font-awesome/webfonts/fa-brands-400.eot]
[wudroz-b34262.ingress-erytho.ewp.live/wp-content/plugins/elementor/assets/lib/font-awesome/webfonts/fa-brands-400d41d.eot]
[wudroz-b34262.ingress-erytho.ewp.live/wp-content/plugins/elementor/assets/lib/font-awesome/webfonts/fa-brands-400.woff2]
[wudroz-b34262.ingress-erytho.ewp.live/wp-content/plugins/elementor/assets/lib/font-awesome/webfonts/fa-brands-400.woff]
[wudroz-b34262.ingress-erytho.ewp.live/wp-content/plugins/elementor/assets/lib/font-awesome/webfonts/fa-brands-400.ttf]
[wudroz-b34262.ingress-erytho.ewp.live/wp-content/plugins/elementor/assets/lib/font-awesome/webfonts/fa-regular-400.eot]
[wudroz-b34262.ingress-erytho.ewp.live/wp-content/plugins/elementor/assets/lib/font-awesome/webfonts/fa-brands-400.svg]
[wudroz-b34262.ingress-erytho.ewp.live/wp-content/plugins/elementor/assets/lib/font-awesome/webfonts/fa-regular-400d41d.eot]
[wudroz-b34262.ingress-erytho.ewp.live/wp-content/plugins/elementor/assets/lib/font-awesome/webfonts/fa-regular-400.woff2]
[wudroz-b34262.ingress-erytho.ewp.live/wp-content/plugins/elementor/assets/lib/font-awesome/webfonts/fa-regular-400.woff]
[wudroz-b34262.ingress-erytho.ewp.live/wp-content/plugins/elementor/assets/lib/font-awesome/webfonts/fa-regular-400.ttf]
[wudroz-b34262.ingress-erytho.ewp.live/wp-content/plugins/elementor/assets/lib/font-awesome/webfonts/fa-regular-400.svg]
[wudroz-b34262.ingress-erytho.ewp.live/wp-content/plugins/elementor/assets/lib/font-awesome/webfonts/fa-solid-900.eot]
[wudroz-b34262.ingress-erytho.ewp.live/wp-content/plugins/elementor/assets/lib/font-awesome/webfonts/fa-solid-900d41d.eot]
[wudroz-b34262.ingress-erytho.ewp.live/wp-content/plugins/elementor/assets/lib/font-awesome/webfonts/fa-solid-900.woff2]
[wudroz-b34262.ingress-erytho.ewp.live/wp-content/plugins/elementor/assets/lib/font-awesome/webfonts/fa-solid-900.woff]
[wudroz-b34262.ingress-erytho.ewp.live/wp-content/plugins/elementor/assets/lib/font-awesome/webfonts/fa-solid-900.ttf]
[wudroz-b34262.ingress-erytho.ewp.live/wp-content/plugins/elementor/assets/lib/font-awesome/css/all.min1ed5.css]
[wudroz-b34262.ingress-erytho.ewp.live/wp-content/plugins/elementor/assets/lib/font-awesome/css/v4-shims.min1ed5.css]
[wudroz-b34262.ingress-erytho.ewp.live/wp-content/uploads/elementor/css/post-25066784e.css]
[wudroz-b34262.ingress-erytho.ewp.live/wp-content/plugins/elementor/assets/lib/font-awesome/css/fontawesome.min52d5.css]
[wudroz-b34262.ingress-erytho.ewp.live/wp-content/plugins/elementor/assets/lib/font-awesome/css/regular.min52d5.css]
[wudroz-b34262.ingress-erytho.ewp.live/wp-content/plugins/elementor/assets/lib/font-awesome/css/solid.min52d5.css]
[wudroz-b34262.ingress-erytho.ewp.live/wp-content/uploads/elementor/css/post-2012f62.css]
[wudroz-b34262.ingress-erytho.ewp.live/wp-content/plugins/elementor/assets/lib/font-awesome/webfonts/fa-solid-900.svg]
[wudroz-b34262.ingress-erytho.ewp.live/wp-json/wp/v2/pages/201.json]
[wudroz-b34262.ingress-erytho.ewp.live/wp-json/oembed/1.0/embed8a1d.json]
[wudroz-b34262.ingress-erytho.ewp.live/wp-json/oembed/1.0/embed2856]
[wudroz-b34262.ingress-erytho.ewp.live/wp-content/uploads/2022/06/AZELENT-250-TAB-768x899.jpg]
[wudroz-b34262.ingress-erytho.ewp.live/wp-content/uploads/2022/06/ANTIWUD-O-TAB-1016x1024.jpg]
[wudroz-b34262.ingress-erytho.ewp.live/wp-content/uploads/2022/06/AZELENT-500-TAB-985x1024.jpg]
[wudroz-b34262.ingress-erytho.ewp.live/wp-content/uploads/2022/06/ACKLOHIT-MR-TAB-1024x1010.jpg]
[wudroz-b34262.ingress-erytho.ewp.live/wp-content/uploads/2022/06/ACKLOHIT-TH-TAB-997x1024.jpg]
[wudroz-b34262.ingress-erytho.ewp.live/wp-content/uploads/2022/06/WUDRATE-K27-SGC-1024x827.jpg]
[wudroz-b34262.ingress-erytho.ewp.live/wp-content/uploads/2022/06/ACKLOHIT-P-SUSP-895x1024.jpg]
[wudroz-b34262.ingress-erytho.ewp.live/wp-content/uploads/2022/06/ACKLOHIT-P-TAB-ALU-ALU-1024x982.jpg]
[wudroz-b34262.ingress-erytho.ewp.live/wp-content/uploads/2022/06/ACKLOHIT-P-TAB-BLISTER-977x1024.jpg]
[wudroz-b34262.ingress-erytho.ewp.live/wp-content/uploads/2022/06/WUDRATE-CT-SGC-968x1024.jpg]
[wudroz-b34262.ingress-erytho.ewp.live/wp-content/uploads/2022/06/WUDRATE-D3-SGC-1024x711.jpg]
[wudroz-b34262.ingress-erytho.ewp.live/wp-content/uploads/2022/06/WUDPREX-9G-SC-1024x912.jpg]
[wudroz-b34262.ingress-erytho.ewp.live/wp-content/uploads/2022/06/WUDCIT-M-TAB-1024x784.jpg]
[wudroz-b34262.ingress-erytho.ewp.live/wp-content/uploads/2022/06/SUCRAWUD-O-SUSP-822x1024.jpg]
[wudroz-b34262.ingress-erytho.ewp.live/wp-content/uploads/2022/06/SILIWUD-200-TAB-1024x904.jpg]
[wudroz-b34262.ingress-erytho.ewp.live/wp-content/uploads/2022/06/SILIWUD-MZ-SUSP-883x1024.jpg]
[wudroz-b34262.ingress-erytho.ewp.live/wp-content/uploads/2022/06/SILIWUD-50-SUSP-1-807x1024.jpg]
[wudroz-b34262.ingress-erytho.ewp.live/wp-content/uploads/2022/06/PIPROZ-T-INJ-1-1024x844.jpg]
[wudroz-b34262.ingress-erytho.ewp.live/wp-content/uploads/2022/06/ROZCOLD-DS-SUSP-911x1024.jpg]
[wudroz-b34262.ingress-erytho.ewp.live/wp-content/uploads/2022/06/MEFWUD-PLUS-SUSP-1-826x1024.jpg]
[wudroz-b34262.ingress-erytho.ewp.live/wp-content/uploads/2022/06/MEFWUD-P-SUSP-1-878x1024.jpg]
[wudroz-b34262.ingress-erytho.ewp.live/wp-content/uploads/2022/06/IROWUD-XT-TAB-2-1024x774.jpg]
[wudroz-b34262.ingress-erytho.ewp.live/wp-content/uploads/2022/06/GLOCOWUD-ENERDY-DRINK-1-1024x768.jpg]
[wudroz-b34262.ingress-erytho.ewp.live/wp-content/uploads/2022/06/GASOWUD-DSR-CAP-1-1024x914.jpg]
[wudroz-b34262.ingress-erytho.ewp.live/wp-content/uploads/2022/06/DOLPHEN-INJ-1-1024x819.jpg]
[wudroz-b34262.ingress-erytho.ewp.live/wp-content/uploads/2022/06/DEFWUD-6-SUSP-908x1024.jpg]
[wudroz-b34262.ingress-erytho.ewp.live/wp-content/uploads/2022/06/GASOWUD-40-INJ-1024x902.jpg]
[wudroz-b34262.ingress-erytho.ewp.live/wp-content/uploads/2022/06/AZELENT-250-TB-1-678x1024.jpg]
[wudroz-b34262.ingress-erytho.ewp.live/all-courses/index.html]
[wudroz-b34262.ingress-erytho.ewp.live/wp-content/uploads/elementor/css/post-1581f9c.css]
[wudroz-b34262.ingress-erytho.ewp.live/wp-json/wp/v2/pages/158.json]
[wudroz-b34262.ingress-erytho.ewp.live/wp-json/oembed/1.0/embed55a3.json]
[wudroz-b34262.ingress-erytho.ewp.live/wp-json/oembed/1.0/embed2b4d]
[wudroz-b34262.ingress-erytho.ewp.live/wp-content/uploads/2022/06/Scientist-in-Laboratory.webp]
[wudroz-b34262.ingress-erytho.ewp.live/wp-content/uploads/2022/06/Modern-Building.webp]
[wudroz-b34262.ingress-erytho.ewp.live/about/index.html]
[wudroz-b34262.ingress-erytho.ewp.live/wp-content/uploads/elementor/css/post-401b9e3.css]
[wudroz-b34262.ingress-erytho.ewp.live/wp-json/wp/v2/pages/401.json]
[wudroz-b34262.ingress-erytho.ewp.live/wp-json/oembed/1.0/embedbc46.json]
[wudroz-b34262.ingress-erytho.ewp.live/wp-json/oembed/1.0/embedbf2b]
[wudroz-b34262.ingress-erytho.ewp.live/wp-content/plugins/wpforms-lite/assets/js/jquery.validate.min6134.js]
[wudroz-b34262.ingress-erytho.ewp.live/wp-content/plugins/wpforms-lite/assets/js/mailcheck.mincfa9.js]
[wudroz-b34262.ingress-erytho.ewp.live/wp-content/plugins/wpforms-lite/assets/js/punycode.min8a54.js]
[wudroz-b34262.ingress-erytho.ewp.live/contact/index.html]
[wudroz-b34262.ingress-erytho.ewp.live/wp-content/plugins/elementor/assets/css/widget-icon-box.min.css]
[wudroz-b34262.ingress-erytho.ewp.live/_https_/player.vimeo.com/video/2411320357e4c.html]
[wudroz-b34262.ingress-erytho.ewp.live/wp-content/plugins/elementor/assets/lib/animations/animations.min1ed5.css]
[wudroz-b34262.ingress-erytho.ewp.live/wp-content/plugins/wpforms-lite/assets/images/times-solid-white.svg]
[wudroz-b34262.ingress-erytho.ewp.live/wp-content/plugins/woocommerce/assets/fonts/star.svg]
[wudroz-b34262.ingress-erytho.ewp.live/wp-content/plugins/woocommerce/assets/fonts/WooCommerce.svg]
[wudroz-b34262.ingress-erytho.ewp.live/wp-content/plugins/woocommerce/assets/images/icons/loader.svg]
[wudroz-b34262.ingress-erytho.ewp.live/wp-content/plugins/woocommerce/assets/images/icons/credit-cards/visa.svg]
[wudroz-b34262.ingress-erytho.ewp.live/wp-content/plugins/woocommerce/assets/images/icons/credit-cards/mastercard.svg]
[wudroz-b34262.ingress-erytho.ewp.live/wp-content/plugins/woocommerce/assets/images/icons/credit-cards/laser.svg]
[wudroz-b34262.ingress-erytho.ewp.live/wp-content/plugins/woocommerce/assets/images/icons/credit-cards/diners.svg]
[wudroz-b34262.ingress-erytho.ewp.live/wp-content/plugins/woocommerce/assets/images/icons/credit-cards/maestro.svg]
[wudroz-b34262.ingress-erytho.ewp.live/wp-content/plugins/woocommerce/assets/images/icons/credit-cards/jcb.svg]
[wudroz-b34262.ingress-erytho.ewp.live/wp-content/plugins/woocommerce/assets/images/icons/credit-cards/amex.svg]
[wudroz-b34262.ingress-erytho.ewp.live/wp-content/plugins/woocommerce/assets/images/icons/credit-cards/discover.svg]
[wudroz-b34262.ingress-erytho.ewp.live/wp-content/plugins/elementor/assets/lib/eicons/fonts/eicons5519.svg]
[wudroz-b34262.ingress-erytho.ewp.live/wp-content/plugins/elementor/assets/lib/font-awesome/webfonts/fa-brands-400.svg]
[wudroz-b34262.ingress-erytho.ewp.live/wp-content/plugins/elementor/assets/lib/font-awesome/webfonts/fa-regular-400.svg]
[wudroz-b34262.ingress-erytho.ewp.live/wp-content/plugins/elementor/assets/lib/font-awesome/webfonts/fa-solid-900.svg]
[wudroz-b34262.ingress-erytho.ewp.live/wp-content/uploads/elementor/css/post-2012f62.css]
[wudroz-b34262.ingress-erytho.ewp.live/index5721.html]
[wudroz-b34262.ingress-erytho.ewp.live/wp-content/plugins/wpforms-lite/assets/js/wpforms.mine945.js]
[wudroz-b34262.ingress-erytho.ewp.live/wp-content/uploads/2022/06/backblue.gif]
[wudroz-b34262.ingress-erytho.ewp.live/wp-content/uploads/2022/06/11062b_3adf435f15b04603b863a3117a030ee2_mv2.webp]
[wudroz-b34262.ingress-erytho.ewp.live/wp-content/uploads/elementor/css/post-1581f9c.css]
[wudroz-b34262.ingress-erytho.ewp.live/index8af0.html]
[wudroz-b34262.ingress-erytho.ewp.live/wp-content/uploads/elementor/css/post-401b9e3.css]
[wudroz-b34262.ingress-erytho.ewp.live/indexfef8.html]
